#Packing pin usage report
Type: BLK-TL-SLICEL
	Input Pin Usage:
		Max: 30.00 (0.94)
		Avg: 20.64 (0.64)
		Min: 3.00 (0.09)
		Histogram:
		[        0:      3.2)   1 (  0.1%) |
		[      3.2:      6.4)  30 (  3.4%) |****
		[      6.4:      9.6)  45 (  5.1%) |*****
		[      9.6:       13)  27 (  3.1%) |***
		[       13:       16)  53 (  6.0%) |******
		[       16:       19)  75 (  8.5%) |*********
		[       19:       22) 191 ( 21.7%) |***********************
		[       22:       26) 385 ( 43.8%) |***********************************************
		[       26:       29)  64 (  7.3%) |********
		[       29:       32)   9 (  1.0%) |*
	Output Pin Usage:
		Max: 12.00 (0.92)
		Avg: 6.35 (0.49)
		Min: 1.00 (0.08)
		Histogram:
		[        0:      1.3)  33 (  3.8%) |******
		[      1.3:      2.6)  17 (  1.9%) |***
		[      2.6:      3.9)   7 (  0.8%) |*
		[      3.9:      5.2) 239 ( 27.2%) |********************************************
		[      5.2:      6.5) 154 ( 17.5%) |*****************************
		[      6.5:      7.8) 140 ( 15.9%) |**************************
		[      7.8:      9.1) 253 ( 28.8%) |***********************************************
		[      9.1:       10)  35 (  4.0%) |*******
		[       10:       12)   1 (  0.1%) |
		[       12:       13)   1 (  0.1%) |

Type: BLK-TL-SLICEM
	Input Pin Usage:
		Max: 36.00 (0.97)
		Avg: 32.00 (0.86)
		Min: 30.00 (0.81)
		Histogram:
		[        0:      3.7) 0 (  0.0%) |
		[      3.7:      7.4) 0 (  0.0%) |
		[      7.4:       11) 0 (  0.0%) |
		[       11:       15) 0 (  0.0%) |
		[       15:       18) 0 (  0.0%) |
		[       18:       22) 0 (  0.0%) |
		[       22:       26) 0 (  0.0%) |
		[       26:       30) 0 (  0.0%) |
		[       30:       33) 8 ( 66.7%) |*************************************************
		[       33:       37) 4 ( 33.3%) |*************************
	Output Pin Usage:
		Max: 7.00 (0.54)
		Avg: 4.00 (0.31)
		Min: 2.00 (0.15)
		Histogram:
		[        0:      1.3) 0 (  0.0%) |
		[      1.3:      2.6) 3 ( 25.0%) |*****************************
		[      2.6:      3.9) 5 ( 41.7%) |*************************************************
		[      3.9:      5.2) 0 (  0.0%) |
		[      5.2:      6.5) 1 (  8.3%) |**********
		[      6.5:      7.8) 3 ( 25.0%) |*****************************
		[      7.8:      9.1) 0 (  0.0%) |
		[      9.1:       10) 0 (  0.0%) |
		[       10:       12) 0 (  0.0%) |
		[       12:       13) 0 (  0.0%) |

Type: BLK-TL-BRAM_L
	Input Pin Usage:
		Max: 182.00 (0.43)
		Avg: 182.00 (0.43)
		Min: 182.00 (0.43)
		Histogram:
		[        0:       42)  0 (  0.0%) |
		[       42:       84)  0 (  0.0%) |
		[       84:  1.3e+02)  0 (  0.0%) |
		[  1.3e+02:  1.7e+02)  0 (  0.0%) |
		[  1.7e+02:  2.1e+02) 19 (100.0%) |************************************************
		[  2.1e+02:  2.5e+02)  0 (  0.0%) |
		[  2.5e+02:  2.9e+02)  0 (  0.0%) |
		[  2.9e+02:  3.4e+02)  0 (  0.0%) |
		[  3.4e+02:  3.8e+02)  0 (  0.0%) |
		[  3.8e+02:  4.2e+02)  0 (  0.0%) |
	Output Pin Usage:
		Max: 32.00 (0.13)
		Avg: 32.00 (0.13)
		Min: 32.00 (0.13)
		Histogram:
		[        0:       25)  0 (  0.0%) |
		[       25:       51) 19 (100.0%) |************************************************
		[       51:       76)  0 (  0.0%) |
		[       76:    1e+02)  0 (  0.0%) |
		[    1e+02:  1.3e+02)  0 (  0.0%) |
		[  1.3e+02:  1.5e+02)  0 (  0.0%) |
		[  1.5e+02:  1.8e+02)  0 (  0.0%) |
		[  1.8e+02:    2e+02)  0 (  0.0%) |
		[    2e+02:  2.3e+02)  0 (  0.0%) |
		[  2.3e+02:  2.5e+02)  0 (  0.0%) |

Type: BLK-TL-IOPAD
	Input Pin Usage:
		Max: 2.00 (0.04)
		Avg: 1.00 (0.02)
		Min: 0.00 (0.00)
		Histogram:
		[        0:      5.6) 18 (100.0%) |************************************************
		[      5.6:       11)  0 (  0.0%) |
		[       11:       17)  0 (  0.0%) |
		[       17:       22)  0 (  0.0%) |
		[       22:       28)  0 (  0.0%) |
		[       28:       34)  0 (  0.0%) |
		[       34:       39)  0 (  0.0%) |
		[       39:       45)  0 (  0.0%) |
		[       45:       50)  0 (  0.0%) |
		[       50:       56)  0 (  0.0%) |
	Output Pin Usage:
		Max: 1.00 (0.04)
		Avg: 0.50 (0.02)
		Min: 0.00 (0.00)
		Histogram:
		[        0:      2.4) 18 (100.0%) |************************************************
		[      2.4:      4.8)  0 (  0.0%) |
		[      4.8:      7.2)  0 (  0.0%) |
		[      7.2:      9.6)  0 (  0.0%) |
		[      9.6:       12)  0 (  0.0%) |
		[       12:       14)  0 (  0.0%) |
		[       14:       17)  0 (  0.0%) |
		[       17:       19)  0 (  0.0%) |
		[       19:       22)  0 (  0.0%) |
		[       22:       24)  0 (  0.0%) |

Type: SYN-VCC
	Input Pin Usage:
		Max: 0.00 (-nan)
		Avg: 0.00 (-nan)
		Min: 0.00 (-nan)
	Output Pin Usage:
		Max: 1.00 (1.00)
		Avg: 1.00 (1.00)
		Min: 1.00 (1.00)
		Histogram:
		[        0:      0.1) 0 (  0.0%) |
		[      0.1:      0.2) 0 (  0.0%) |
		[      0.2:      0.3) 0 (  0.0%) |
		[      0.3:      0.4) 0 (  0.0%) |
		[      0.4:      0.5) 0 (  0.0%) |
		[      0.5:      0.6) 0 (  0.0%) |
		[      0.6:      0.7) 0 (  0.0%) |
		[      0.7:      0.8) 0 (  0.0%) |
		[      0.8:      0.9) 0 (  0.0%) |
		[      0.9:        1) 1 (100.0%) |**************************************************

Type: SYN-GND
	Input Pin Usage:
		Max: 0.00 (-nan)
		Avg: 0.00 (-nan)
		Min: 0.00 (-nan)
	Output Pin Usage:
		Max: 1.00 (1.00)
		Avg: 1.00 (1.00)
		Min: 1.00 (1.00)
		Histogram:
		[        0:      0.1) 0 (  0.0%) |
		[      0.1:      0.2) 0 (  0.0%) |
		[      0.2:      0.3) 0 (  0.0%) |
		[      0.3:      0.4) 0 (  0.0%) |
		[      0.4:      0.5) 0 (  0.0%) |
		[      0.5:      0.6) 0 (  0.0%) |
		[      0.6:      0.7) 0 (  0.0%) |
		[      0.7:      0.8) 0 (  0.0%) |
		[      0.8:      0.9) 0 (  0.0%) |
		[      0.9:        1) 1 (100.0%) |**************************************************

