#Timing report of worst 5 path(s)
# Unit scale: 1e-09 seconds
# Output precision: 3

#Path 1
Startpoint: $auto$ff.cc:266:slice$12289.Q[0] (FDCE_ZINI clocked by $iopadmap$clk)
Endpoint  : $auto$ff.cc:266:slice$12291.D[0] (FDCE_ZINI clocked by $iopadmap$clk)
Path Type : setup

Point                                                                                                           Incr      Path
------------------------------------------------------------------------------------------------------------------------------
clock $iopadmap$clk (rise edge)                                                                                0.000     0.000
clock source latency                                                                                           0.000     0.000
$iopadmap$zybo_top.clk.O[0] (IBUF_VPR)                                                                         0.000     0.000
$auto$ff.cc:266:slice$12289.C[0] (FDCE_ZINI)                                                                   2.462     2.462
$auto$ff.cc:266:slice$12289.Q[0] (FDCE_ZINI) [clock-to-output]                                                 0.340     2.802
$auto$alumacc.cc:485:replace_alu$8781.X[0].in[0] (.names)                                                      0.967     3.769
$auto$alumacc.cc:485:replace_alu$8781.X[0].out[0] (.names)                                                     0.152     3.921
$auto$alumacc.cc:485:replace_alu$8781.genblk1.slice[0].genblk1.carry4.S0[0] (CARRY4_VPR)                       1.190     5.111
$auto$alumacc.cc:485:replace_alu$8781.genblk1.slice[0].genblk1.carry4.O2[0] (CARRY4_VPR)                       0.523     5.634
$techmap45523$auto$ff.cc:266:slice$12291.D.in[0] (.names)                                                      0.799     6.433
$techmap45523$auto$ff.cc:266:slice$12291.D.out[0] (.names)                                                     0.118     6.551
$auto$ff.cc:266:slice$12291.D[0] (FDCE_ZINI)                                                                   1.095     7.646
data arrival time                                                                                                        7.646

clock $iopadmap$clk (rise edge)                                                                                8.000     8.000
clock source latency                                                                                           0.000     8.000
$iopadmap$zybo_top.clk.O[0] (IBUF_VPR)                                                                         0.000     8.000
$auto$ff.cc:266:slice$12291.C[0] (FDCE_ZINI)                                                                   2.462    10.462
clock uncertainty                                                                                              0.000    10.462
cell setup time                                                                                                0.046    10.508
data required time                                                                                                      10.508
------------------------------------------------------------------------------------------------------------------------------
data required time                                                                                                      10.508
data arrival time                                                                                                       -7.646
------------------------------------------------------------------------------------------------------------------------------
slack (MET)                                                                                                              2.862


#Path 2
Startpoint: $auto$ff.cc:266:slice$12289.Q[0] (FDCE_ZINI clocked by $iopadmap$clk)
Endpoint  : $auto$ff.cc:266:slice$12289.D[0] (FDCE_ZINI clocked by $iopadmap$clk)
Path Type : setup

Point                                                                                                           Incr      Path
------------------------------------------------------------------------------------------------------------------------------
clock $iopadmap$clk (rise edge)                                                                                0.000     0.000
clock source latency                                                                                           0.000     0.000
$iopadmap$zybo_top.clk.O[0] (IBUF_VPR)                                                                         0.000     0.000
$auto$ff.cc:266:slice$12289.C[0] (FDCE_ZINI)                                                                   2.462     2.462
$auto$ff.cc:266:slice$12289.Q[0] (FDCE_ZINI) [clock-to-output]                                                 0.340     2.802
$auto$alumacc.cc:485:replace_alu$8781.X[0].in[0] (.names)                                                      0.967     3.769
$auto$alumacc.cc:485:replace_alu$8781.X[0].out[0] (.names)                                                     0.152     3.921
$auto$alumacc.cc:485:replace_alu$8781.genblk1.slice[0].genblk1.carry4.S0[0] (CARRY4_VPR)                       1.190     5.111
$auto$alumacc.cc:485:replace_alu$8781.genblk1.slice[0].genblk1.carry4.O0[0] (CARRY4_VPR)                       0.223     5.334
$techmap45415$auto$ff.cc:266:slice$12289.D.in[0] (.names)                                                      1.110     6.444
$techmap45415$auto$ff.cc:266:slice$12289.D.out[0] (.names)                                                     0.150     6.594
$auto$ff.cc:266:slice$12289.D[0] (FDCE_ZINI)                                                                   0.720     7.314
data arrival time                                                                                                        7.314

clock $iopadmap$clk (rise edge)                                                                                8.000     8.000
clock source latency                                                                                           0.000     8.000
$iopadmap$zybo_top.clk.O[0] (IBUF_VPR)                                                                         0.000     8.000
$auto$ff.cc:266:slice$12289.C[0] (FDCE_ZINI)                                                                   2.462    10.462
clock uncertainty                                                                                              0.000    10.462
cell setup time                                                                                                0.045    10.507
data required time                                                                                                      10.507
------------------------------------------------------------------------------------------------------------------------------
data required time                                                                                                      10.507
data arrival time                                                                                                       -7.314
------------------------------------------------------------------------------------------------------------------------------
slack (MET)                                                                                                              3.193


#Path 3
Startpoint: $auto$ff.cc:266:slice$12289.Q[0] (FDCE_ZINI clocked by $iopadmap$clk)
Endpoint  : $auto$ff.cc:266:slice$12290.D[0] (FDCE_ZINI clocked by $iopadmap$clk)
Path Type : setup

Point                                                                                                           Incr      Path
------------------------------------------------------------------------------------------------------------------------------
clock $iopadmap$clk (rise edge)                                                                                0.000     0.000
clock source latency                                                                                           0.000     0.000
$iopadmap$zybo_top.clk.O[0] (IBUF_VPR)                                                                         0.000     0.000
$auto$ff.cc:266:slice$12289.C[0] (FDCE_ZINI)                                                                   2.462     2.462
$auto$ff.cc:266:slice$12289.Q[0] (FDCE_ZINI) [clock-to-output]                                                 0.340     2.802
$auto$alumacc.cc:485:replace_alu$8781.X[0].in[0] (.names)                                                      0.967     3.769
$auto$alumacc.cc:485:replace_alu$8781.X[0].out[0] (.names)                                                     0.152     3.921
$auto$alumacc.cc:485:replace_alu$8781.genblk1.slice[0].genblk1.carry4.S0[0] (CARRY4_VPR)                       1.190     5.111
$auto$alumacc.cc:485:replace_alu$8781.genblk1.slice[0].genblk1.carry4.O1[0] (CARRY4_VPR)                       0.400     5.511
$techmap45547$auto$ff.cc:266:slice$12290.D.in[0] (.names)                                                      1.326     6.837
$techmap45547$auto$ff.cc:266:slice$12290.D.out[0] (.names)                                                     0.154     6.991
$auto$ff.cc:266:slice$12290.D[0] (FDCE_ZINI)                                                                   0.107     7.098
data arrival time                                                                                                        7.098

clock $iopadmap$clk (rise edge)                                                                                8.000     8.000
clock source latency                                                                                           0.000     8.000
$iopadmap$zybo_top.clk.O[0] (IBUF_VPR)                                                                         0.000     8.000
$auto$ff.cc:266:slice$12290.C[0] (FDCE_ZINI)                                                                   2.462    10.462
clock uncertainty                                                                                              0.000    10.462
cell setup time                                                                                                0.045    10.507
data required time                                                                                                      10.507
------------------------------------------------------------------------------------------------------------------------------
data required time                                                                                                      10.507
data arrival time                                                                                                       -7.098
------------------------------------------------------------------------------------------------------------------------------
slack (MET)                                                                                                              3.409


#Path 4
Startpoint: $auto$ff.cc:266:slice$12291.Q[0] (FDCE_ZINI clocked by $iopadmap$clk)
Endpoint  : $auto$ff.cc:266:slice$17055.D[0] (FDCE_ZINI clocked by $iopadmap$clk)
Path Type : setup

Point                                                                                                      Incr      Path
-------------------------------------------------------------------------------------------------------------------------
clock $iopadmap$clk (rise edge)                                                                           0.000     0.000
clock source latency                                                                                      0.000     0.000
$iopadmap$zybo_top.clk.O[0] (IBUF_VPR)                                                                    0.000     0.000
$auto$ff.cc:266:slice$12291.C[0] (FDCE_ZINI)                                                              2.462     2.462
$auto$ff.cc:266:slice$12291.Q[0] (FDCE_ZINI) [clock-to-output]                                            0.303     2.765
$techmap40970$abc$33822$auto$blifparse.cc:525:parse_blif$35606.A[0].in[0] (.names)                        1.019     3.784
$techmap40970$abc$33822$auto$blifparse.cc:525:parse_blif$35606.A[0].out[0] (.names)                       0.152     3.936
$auto$ff.cc:266:slice$17055.D[0] (FDCE_ZINI)                                                              1.133     5.070
data arrival time                                                                                                   5.070

clock $iopadmap$clk (rise edge)                                                                           8.000     8.000
clock source latency                                                                                      0.000     8.000
$iopadmap$zybo_top.clk.O[0] (IBUF_VPR)                                                                    0.000     8.000
$auto$ff.cc:266:slice$17055.C[0] (FDCE_ZINI)                                                              2.399    10.399
clock uncertainty                                                                                         0.000    10.399
cell setup time                                                                                           0.046    10.445
data required time                                                                                                 10.445
-------------------------------------------------------------------------------------------------------------------------
data required time                                                                                                 10.445
data arrival time                                                                                                  -5.070
-------------------------------------------------------------------------------------------------------------------------
slack (MET)                                                                                                         5.376


#Path 5
Startpoint: $auto$ff.cc:266:slice$12291.Q[0] (FDCE_ZINI clocked by $iopadmap$clk)
Endpoint  : $auto$ff.cc:266:slice$17055.CE[0] (FDCE_ZINI clocked by $iopadmap$clk)
Path Type : setup

Point                                                                                          Incr      Path
-------------------------------------------------------------------------------------------------------------
clock $iopadmap$clk (rise edge)                                                               0.000     0.000
clock source latency                                                                          0.000     0.000
$iopadmap$zybo_top.clk.O[0] (IBUF_VPR)                                                        0.000     0.000
$auto$ff.cc:266:slice$12291.C[0] (FDCE_ZINI)                                                  2.462     2.462
$auto$ff.cc:266:slice$12291.Q[0] (FDCE_ZINI) [clock-to-output]                                0.303     2.765
$abc$33822$auto$opt_dff.cc:194:make_patterns_logic$6137.in[0] (.names)                        1.104     3.869
$abc$33822$auto$opt_dff.cc:194:make_patterns_logic$6137.out[0] (.names)                       0.153     4.022
$auto$ff.cc:266:slice$17055.CE[0] (FDCE_ZINI)                                                 0.819     4.841
data arrival time                                                                                       4.841

clock $iopadmap$clk (rise edge)                                                               8.000     8.000
clock source latency                                                                          0.000     8.000
$iopadmap$zybo_top.clk.O[0] (IBUF_VPR)                                                        0.000     8.000
$auto$ff.cc:266:slice$17055.C[0] (FDCE_ZINI)                                                  2.399    10.399
clock uncertainty                                                                             0.000    10.399
cell setup time                                                                              -0.109    10.290
data required time                                                                                     10.290
-------------------------------------------------------------------------------------------------------------
data required time                                                                                     10.290
data arrival time                                                                                      -4.841
-------------------------------------------------------------------------------------------------------------
slack (MET)                                                                                             5.449


#End of timing report
